// Vitest Snapshot v1, https://vitest.dev/guide/snapshot.html

exports[`Button component > mounts without error 1`] = `"<div data-v-bc73ac9a="" class="my-checkbox"><input data-v-bc73ac9a="" id="0.4249740080217943" type="checkbox" class="my-checkbox__input"><label data-v-bc73ac9a="" class="my-checkbox__label" for="0.4249740080217943">Main Content</label></div>"`;
